Microchip MPLAB XC8 Compiler V2.32

Linker command line:

-W-3 --edf=C:\Program Files\Microchip\xc8\v2.32\pic\dat\en_msgs.txt -cn \
  -h+dist/default/production\ProjetoFinal.X.production.sym \
  --cmf=dist/default/production\ProjetoFinal.X.production.cmf -z -Q18F4520 \
  -oC:\Users\danil\AppData\Local\Temp\xcAsvg.4 --defsym=__MPLAB_BUILD=1 \
  -Mdist/default/production/ProjetoFinal.X.production.map -E1 \
  -ver=XC8 Compiler --acfsm=1493 -ASTACK=080h-05FFh -pstack=STACK \
  -ACODE=00h-07FFFh -ACONST=00h-07FFFh -ASMALLCONST=0600h-06FFhx122 \
  -AMEDIUMCONST=0600h-07FFFh -ACOMRAM=01h-07Fh -AABS1=00h-05FFh \
  -ABIGRAM=01h-05FFh -ARAM=080h-0FFh,0100h-01FFhx5 -ABANK0=080h-0FFh \
  -ABANK1=0100h-01FFh -ABANK2=0200h-02FFh -ABANK3=0300h-03FFh \
  -ABANK4=0400h-04FFh -ABANK5=0500h-05FFh -ASFR=0F80h-0FFFh \
  -ACONFIG=0300000h-030000Dh -AIDLOC=0200000h-0200007h \
  -AEEDATA=0F00000h-0F000FFh -peeprom_data=EEDATA \
  -preset_vec=00h,intcode,intcodelo,powerup,init -pramtop=0600h \
  -psmallconst=SMALLCONST -pmediumconst=MEDIUMCONST -pconst=CONST \
  -AFARRAM=00h-00h \
  -prdata=COMRAM,nvrram=COMRAM,nvbit=COMRAM,rbss=COMRAM,rbit=COMRAM \
  -pfarbss=FARRAM,fardata=FARRAM,nvFARRAM=FARRAM \
  -pintsave_regs=BIGRAM,bigbss=BIGRAM,bigdata=BIGRAM -pbss=RAM \
  -pidata=CODE,irdata=CODE,ibigdata=CODE,ifardata=CODE -prparam=COMRAM \
  C:\Users\danil\AppData\Local\Temp\xcAsvg.o \
  dist/default/production\ProjetoFinal.X.production.o 

Object code version is 3.11

Machine type is 18F4520



                Name                               Link     Load   Length Selector   Space Scale
C:\Users\danil\AppData\Local\Temp\xcAsvg.o
                idloc                            200000   200000        8        0       5
                config                           300000   300000        E        0       4
                init                                  0        0        4        0       0
dist/default/production\ProjetoFinal.X.production.o
                idloc                            200000   200000        8        0       5
                config                           300000   300000        E        0       4
                smallconst                          600      600       46      300       0
                text21                             107E     107E       6A      323       0
                text20                              AE2      AE2      16A      323       0
                text19                              894      894      24E      323       0
                text18                             129C     129C       2A      323       0
                text17                             1272     1272       2A      323       0
                text16                             1142     1142       4E      323       0
                text15                              C4C      C4C      136      323       0
                text14                              646      646      24E      323       0
                text13                             11D2     11D2       3E      323       0
                text12                             1210     1210       32      323       0
                text11                             1342     1342        A      323       0
                text10                             1006     1006       78      323       0
                text9                              1242     1242       30      323       0
                text8                              134C     134C        2      323       0
                text7                              1190     1190       42      323       0
                text6                              10E8     10E8       5A      323       0
                text5                              130A     130A       1E      323       0
                text4                              12C6     12C6       26      323       0
                text3                               EAE      EAE       B4      323       0
                text2                              12EC     12EC       1E      323       0
                text1                               F62      F62       A4      323       0
                text0                               D82      D82      12C      323       0
                cstackCOMRAM                          1        1       1A        1       1
                bssCOMRAM                            1B       1B        7        1       1
                cinit                              1328     1328       1A      323       0

TOTAL           Name                               Link     Load   Length     Space
        CLASS   STACK          

        CLASS   CODE           
                init                                  0        0        4         0
                text21                             107E     107E       6A         0
                text20                              AE2      AE2      16A         0
                text19                              894      894      24E         0
                text18                             129C     129C       2A         0
                text17                             1272     1272       2A         0
                text16                             1142     1142       4E         0
                text15                              C4C      C4C      136         0
                text14                              646      646      24E         0
                text13                             11D2     11D2       3E         0
                text12                             1210     1210       32         0
                text11                             1342     1342        A         0
                text10                             1006     1006       78         0
                text9                              1242     1242       30         0
                text8                              134C     134C        2         0
                text7                              1190     1190       42         0
                text6                              10E8     10E8       5A         0
                text5                              130A     130A       1E         0
                text4                              12C6     12C6       26         0
                text3                               EAE      EAE       B4         0
                text2                              12EC     12EC       1E         0
                text1                               F62      F62       A4         0
                text0                               D82      D82      12C         0
                cinit                              1328     1328       1A         0

        CLASS   CONST          

        CLASS   SMALLCONST     
                smallconst                          600      600       46         0

        CLASS   MEDIUMCONST    

        CLASS   COMRAM         
                cstackCOMRAM                          1        1       1A         1
                bssCOMRAM                            1B       1B        7         1

        CLASS   ABS1           

        CLASS   BIGRAM         

        CLASS   RAM            

        CLASS   BANK0          

        CLASS   BANK1          

        CLASS   BANK2          

        CLASS   BANK3          

        CLASS   BANK4          

        CLASS   BANK5          

        CLASS   SFR            

        CLASS   CONFIG         
                config                           300000   300000        E         4

        CLASS   IDLOC          
                idloc                            200000   200000        8         5

        CLASS   EEDATA         

        CLASS   FARRAM         



SEGMENTS        Name                           Load    Length   Top    Selector   Space  Class

                reset_vec                      000000  000004  000004         0       0  CODE    
                cstackCOMRAM                   000001  000021  000022         1       1  COMRAM  
                smallconst                     000600  000046  000646       300       0  SMALLCON
                text14                         000646  000D08  00134E       323       0  CODE    


UNUSED ADDRESS RANGES

        Name                Unused          Largest block    Delta
        BANK0            000080-0000FF               80
        BANK1            000100-0001FF              100
        BANK2            000200-0002FF              100
        BANK3            000300-0003FF              100
        BANK4            000400-0004FF              100
        BANK5            000500-0005FF              100
        BIGRAM           000022-0005FF              5DE
        CODE             000004-0005FF              5FC
                         00134E-007FFF             6CB2
        COMRAM           000022-00007F               5E
        CONST            000004-0005FF              5FC
                         00134E-007FFF             6CB2
        EEDATA           F00000-F000FF              100
        MEDIUMCONST      00134E-007FFF             6CB2
        RAM              000080-0005FF              100
        SFR              000F80-000FFF               80
        SMALLCONST       00134E-007FFF              100
        STACK            000080-0005FF              580

                                  Symbol Table

?_digitalRead            cstackCOMRAM 000001
?_kpRead                 cstackCOMRAM 000001
_ADCON1                  (abs)        000FC1
_PORTA                   (abs)        000F80
_PORTB                   (abs)        000F81
_PORTC                   (abs)        000F82
_PORTD                   (abs)        000F83
_PORTE                   (abs)        000F84
_PulseClockData          text18       00129C
_PulseEnClock            text17       001272
_TRISA                   (abs)        000F92
_TRISB                   (abs)        000F93
_TRISC                   (abs)        000F94
_TRISD                   (abs)        000F95
_TRISE                   (abs)        000F96
__HRAM                   (abs)        000000
__Habs1                  abs1         000000
__Hbank0                 bank0        000000
__Hbank1                 bank1        000000
__Hbank2                 bank2        000000
__Hbank3                 bank3        000000
__Hbank4                 bank4        000000
__Hbank5                 bank5        000000
__Hbigbss                bigbss       000000
__Hbigdata               bigdata      000000
__Hbigram                bigram       000000
__Hbss                   bss          000000
__HbssCOMRAM             bssCOMRAM    000000
__Hcinit                 cinit        000000
__Hclrtext               clrtext      000000
__Hcomram                comram       000000
__Hconfig                config       30000E
__Hconst                 const        000000
__HcstackCOMRAM          cstackCOMRAM 000000
__Hdata                  data         000000
__Heeprom_data           eeprom_data  000000
__Hfarbss                farbss       000000
__Hfardata               fardata      000000
__Hibigdata              ibigdata     000000
__Hidata                 idata        000000
__Hidloc                 idloc        200008
__Hifardata              ifardata     000000
__Hinit                  init         000004
__Hintcode               intcode      000000
__Hintcode_body          intcode_body 000000
__Hintcodelo             intcodelo    000000
__Hintentry              intentry     000000
__Hintret                intret       000000
__Hintsave_regs          intsave_regs 000000
__Hirdata                irdata       000000
__Hmediumconst           mediumconst  000000
__HnvFARRAM              nvFARRAM     000000
__Hnvbit                 nvbit        000000
__Hnvrram                nvrram       000000
__Hparam                 rparam       000000
__Hpowerup               powerup      000000
__Hram                   ram          000000
__Hramtop                ramtop       000600
__Hrbit                  rbit         000000
__Hrbss                  rbss         000000
__Hrdata                 rdata        000000
__Hreset_vec             reset_vec    000000
__Hrparam                rparam       000000
__Hsfr                   sfr          000000
__Hsmallconst            smallconst   000646
__Hspace_0               (abs)        00134E
__Hspace_1               (abs)        000022
__Hspace_2               (abs)        000000
__Hspace_4               (abs)        60000E
__Hstack                 stack        000000
__Hstruct                struct       000000
__Htemp                  temp         000000
__Htext                  text         000000
__Htext0                 text0        000000
__Htext1                 text1        000000
__Htext10                text10       000000
__Htext11                text11       000000
__Htext12                text12       000000
__Htext13                text13       000000
__Htext14                text14       000000
__Htext15                text15       000000
__Htext16                text16       000000
__Htext17                text17       000000
__Htext18                text18       000000
__Htext19                text19       000000
__Htext2                 text2        000000
__Htext20                text20       000000
__Htext21                text21       000000
__Htext3                 text3        000000
__Htext4                 text4        000000
__Htext5                 text5        000000
__Htext6                 text6        000000
__Htext7                 text7        000000
__Htext8                 text8        000000
__Htext9                 text9        000000
__LRAM                   (abs)        000001
__Labs1                  abs1         000000
__Lbank0                 bank0        000000
__Lbank1                 bank1        000000
__Lbank2                 bank2        000000
__Lbank3                 bank3        000000
__Lbank4                 bank4        000000
__Lbank5                 bank5        000000
__Lbigbss                bigbss       000000
__Lbigdata               bigdata      000000
__Lbigram                bigram       000000
__Lbss                   bss          000000
__LbssCOMRAM             bssCOMRAM    000000
__Lcinit                 cinit        000000
__Lclrtext               clrtext      000000
__Lcomram                comram       000000
__Lconfig                config       000000
__Lconst                 const        000000
__LcstackCOMRAM          cstackCOMRAM 000000
__Ldata                  data         000000
__Leeprom_data           eeprom_data  000000
__Lfarbss                farbss       000000
__Lfardata               fardata      000000
__Libigdata              ibigdata     000000
__Lidata                 idata        000000
__Lidloc                 idloc        000000
__Lifardata              ifardata     000000
__Linit                  init         000000
__Lintcode               intcode      000000
__Lintcode_body          intcode_body 000000
__Lintcodelo             intcodelo    000000
__Lintentry              intentry     000000
__Lintret                intret       000000
__Lintsave_regs          intsave_regs 000000
__Lirdata                irdata       000000
__Lmediumconst           mediumconst  000000
__LnvFARRAM              nvFARRAM     000000
__Lnvbit                 nvbit        000000
__Lnvrram                nvrram       000000
__Lparam                 rparam       000000
__Lpowerup               powerup      000000
__Lram                   ram          000000
__Lramtop                ramtop       000600
__Lrbit                  rbit         000000
__Lrbss                  rbss         000000
__Lrdata                 rdata        000000
__Lreset_vec             reset_vec    000000
__Lrparam                rparam       000000
__Lsfr                   sfr          000000
__Lsmallconst            smallconst   000600
__Lspace_0               (abs)        000000
__Lspace_1               (abs)        000000
__Lspace_2               (abs)        000000
__Lspace_4               (abs)        000000
__Lstack                 stack        000000
__Lstruct                struct       000000
__Ltemp                  temp         000000
__Ltext                  text         000000
__Ltext0                 text0        000000
__Ltext1                 text1        000000
__Ltext10                text10       000000
__Ltext11                text11       000000
__Ltext12                text12       000000
__Ltext13                text13       000000
__Ltext14                text14       000000
__Ltext15                text15       000000
__Ltext16                text16       000000
__Ltext17                text17       000000
__Ltext18                text18       000000
__Ltext19                text19       000000
__Ltext2                 text2        000000
__Ltext20                text20       000000
__Ltext21                text21       000000
__Ltext3                 text3        000000
__Ltext4                 text4        000000
__Ltext5                 text5        000000
__Ltext6                 text6        000000
__Ltext7                 text7        000000
__Ltext8                 text8        000000
__Ltext9                 text9        000000
__S0                     (abs)        00134E
__S1                     (abs)        000022
__S2                     (abs)        000000
__S4                     (abs)        000000
__S5                     (abs)        000000
___inthi_sp              stack        000000
___intlo_sp              stack        000000
___param_bank            (abs)        000000
___rparam_used           (abs)        000001
___sp                    stack        000000
__accesstop              (abs)        000080
__activetblptr           (abs)        000001
__end_of_PulseClockData  text18       0012C6
__end_of_PulseEnClock    text17       00129C
__end_of__initialization cinit        001334
__end_of_atraso          text21       0010E8
__end_of_charKey         smallconst   00061B
__end_of_delayMicro      text8        00134E
__end_of_delayMili       text9        001272
__end_of_digitalRead     text20       000C4C
__end_of_digitalWrite    text19       000AE2
__end_of_kpDebounce      text15       000D82
__end_of_kpInit          text12       001242
__end_of_kpRead          text11       00134C
__end_of_kpReadKey       text10       00107E
__end_of_lcdChar         text2        00130A
__end_of_lcdCommand      text5        001328
__end_of_lcdInit         text3        000F62
__end_of_leds            smallconst   00061F
__end_of_main            text0        000EAE
__end_of_pinMode         text14       000894
__end_of_printf          text1        001006
__end_of_pulseEnablePin  text7        0011D2
__end_of_pushByte        text6        001142
__end_of_pushNibble      text4        0012EC
__end_of_soInit          text13       001210
__end_of_soWrite         text16       001190
__end_of_valor           smallconst   000611
__initialization         cinit        001328
__mediumconst            mediumconst  000000
__pbssCOMRAM             bssCOMRAM    00001B
__pcinit                 cinit        001328
__pcstackCOMRAM          cstackCOMRAM 000001
__psmallconst            smallconst   000600
__ptext0                 text0        000D82
__ptext1                 text1        000F62
__ptext10                text10       001006
__ptext11                text11       001342
__ptext12                text12       001210
__ptext13                text13       0011D2
__ptext14                text14       000646
__ptext15                text15       000C4C
__ptext16                text16       001142
__ptext17                text17       001272
__ptext18                text18       00129C
__ptext19                text19       000894
__ptext2                 text2        0012EC
__ptext20                text20       000AE2
__ptext21                text21       00107E
__ptext3                 text3        000EAE
__ptext4                 text4        0012C6
__ptext5                 text5        00130A
__ptext6                 text6        0010E8
__ptext7                 text7        001190
__ptext8                 text8        00134C
__ptext9                 text9        001242
__ramtop                 ramtop       000600
__size_of_PulseClockData (abs)        000000
__size_of_PulseEnClock   (abs)        000000
__size_of_atraso         (abs)        000000
__size_of_delayMicro     (abs)        000000
__size_of_delayMili      (abs)        000000
__size_of_digitalRead    (abs)        000000
__size_of_digitalWrite   (abs)        000000
__size_of_kpDebounce     (abs)        000000
__size_of_kpInit         (abs)        000000
__size_of_kpRead         (abs)        000000
__size_of_kpReadKey      (abs)        000000
__size_of_lcdChar        (abs)        000000
__size_of_lcdCommand     (abs)        000000
__size_of_lcdInit        (abs)        000000
__size_of_main           (abs)        000000
__size_of_pinMode        (abs)        000000
__size_of_printf         (abs)        000000
__size_of_pulseEnablePin (abs)        000000
__size_of_pushByte       (abs)        000000
__size_of_pushNibble     (abs)        000000
__size_of_soInit         (abs)        000000
__size_of_soWrite        (abs)        000000
__smallconst             smallconst   000600
_atraso                  text21       00107E
_charKey                 smallconst   000611
_delayMicro              text8        00134C
_delayMili               text9        001242
_digitalRead             text20       000AE2
_digitalWrite            text19       000894
_keys                    bssCOMRAM    00001F
_kpDebounce              text15       000C4C
_kpInit                  text12       001210
_kpRead                  text11       001342
_kpReadKey               text10       001006
_lcdChar                 text2        0012EC
_lcdCommand              text5        00130A
_lcdInit                 text3        000EAE
_leds                    smallconst   00061B
_main                    text0        000D82
_pinMode                 text14       000646
_printf                  text1        000F62
_pulseEnablePin          text7        001190
_pushByte                text6        0010E8
_pushNibble              text4        0012C6
_soInit                  text13       0011D2
_soWrite                 text16       001142
_valor                   smallconst   000601
atraso@i                 cstackCOMRAM 000002
atraso@j                 cstackCOMRAM 000004
atraso@k                 cstackCOMRAM 000005
atraso@x                 cstackCOMRAM 000001
delayMicro@a             cstackCOMRAM 000001
delayMili@a              cstackCOMRAM 000001
delayMili@i              cstackCOMRAM 000004
digitalRead@pin          cstackCOMRAM 000001
digitalWrite@pin         cstackCOMRAM 000001
digitalWrite@value       cstackCOMRAM 000003
end_of_initialization    cinit        001334
intlevel0                text         000000
intlevel1                text         000000
intlevel2                text         000000
intlevel3                text         000000
isa$std                  (abs)        000001
isa$xinst                (abs)        000000
kpDebounce@i             cstackCOMRAM 00000D
kpDebounce@newRead       bssCOMRAM    00001D
kpDebounce@oldRead       bssCOMRAM    00001B
kpDebounce@tempo         bssCOMRAM    000021
kpReadKey@i              cstackCOMRAM 000004
lcdChar@value            cstackCOMRAM 00000E
lcdCommand@value         cstackCOMRAM 00000E
main@andar               cstackCOMRAM 000019
pinMode@pin              cstackCOMRAM 000001
pinMode@type             cstackCOMRAM 000003
printf@i                 cstackCOMRAM 000013
printf@msg               cstackCOMRAM 00000F
pushByte@rs              cstackCOMRAM 00000A
pushByte@value           cstackCOMRAM 00000D
pushNibble@rs            cstackCOMRAM 00000A
pushNibble@value         cstackCOMRAM 00000C
soWrite@i                cstackCOMRAM 000009
soWrite@value            cstackCOMRAM 000007
stackhi                  (abs)        0005FF
stacklo                  (abs)        000080
start                    init         000000
start_initialization     cinit        001328


MODULE INFORMATION

Module		Function		Class		Link	Load	Size
delay.c
		_atraso        		CODE           	107E	0000	106

delay.c estimated size: 106

keypad.c
		_kpInit        		CODE           	1210	0000	50
		_kpReadKey     		CODE           	1006	0000	120
		_kpDebounce    		CODE           	0C4C	0000	310
		_kpRead        		CODE           	1342	0000	10

keypad.c estimated size: 490

so.c
		_soInit        		CODE           	11D2	0000	62
		_soWrite       		CODE           	1142	0000	78
		_PulseEnClock  		CODE           	1272	0000	42
		_PulseClockData		CODE           	129C	0000	42

so.c estimated size: 224

io.c
		_digitalRead   		CODE           	0AE2	0000	362
		_digitalWrite  		CODE           	0894	0000	590
		_pinMode       		CODE           	0646	0000	590

io.c estimated size: 1542

shared
		_valor         		SMALLCONST     	0601	0000	16
		_charKey       		SMALLCONST     	0611	0000	10
		__initialization		CODE           	1328	0000	12
		_leds          		SMALLCONST     	061B	0000	4

shared estimated size: 42

stdio.c
		_printf        		CODE           	0F62	0000	164

stdio.c estimated size: 164

lcd.c
		_lcdCommand    		CODE           	130A	0000	30
		_lcdChar       		CODE           	12EC	0000	30
		_pulseEnablePin		CODE           	1190	0000	66
		_pushByte      		CODE           	10E8	0000	90
		_pushNibble    		CODE           	12C6	0000	38
		_lcdInit       		CODE           	0EAE	0000	180
		_delayMili     		CODE           	1242	0000	48
		_delayMicro    		CODE           	134C	0000	2

lcd.c estimated size: 484

main.c
		_main          		CODE           	0D82	0000	300

main.c estimated size: 300

